2026-08-01 15:57:16,339 - aegis - INFO - Initialized experiment: 20260801_102716
2026-08-01 15:57:16,418 - aegis - INFO - Checking dataset for ML-KEM-512...
2026-08-01 15:57:16,418 - aegis - INFO - Loading existing dataset.
2026-08-01 15:57:16,422 - aegis - INFO - Engineering features...
2026-08-01 15:57:16,451 - aegis - INFO - Configuration and system metadata saved.
2026-08-01 15:57:16,451 - aegis - INFO - --- 4. Benchmarking and HPO ---
2026-08-01 15:57:16,451 - aegis - INFO - Optimizing Isolation Forest...
2026-08-01 15:57:16,453 - aegis - WARNING -   RandomizedSearchCV failed: Invalid parameter 'n_estimators' for estimator IsolationForestModel(contamination=np.float64(0.0849080237694725)). Valid parameters are: ['contamination', 'name', 'random_state'].. Using default params.
2026-08-01 15:57:16,453 - aegis - INFO - Evaluating Isolation Forest...
2026-08-01 15:57:16,510 - aegis - INFO - Optimizing One-Class SVM...
2026-08-01 15:57:16,533 - aegis - INFO -   Best params: {'gamma': 'scale', 'nu': np.float64(0.1693085973720466)}
2026-08-01 15:57:16,533 - aegis - INFO - Evaluating One-Class SVM...
2026-08-01 15:57:16,538 - aegis - INFO - Optimizing Local Outlier Factor...
2026-08-01 15:57:16,569 - aegis - INFO -   Best params: {'contamination': np.float64(0.0849080237694725), 'n_neighbors': 38}
2026-08-01 15:57:16,569 - aegis - INFO - Evaluating Local Outlier Factor...
2026-08-01 15:57:16,581 - aegis - INFO - Training and evaluating PyTorch Autoencoder...
2026-08-01 15:57:17,244 - aegis - INFO - --- 5. Visualizations & Logging to experiments/20260801_102716 ---
2026-08-01 15:57:26,111 - aegis - INFO - Saving benchmark results for 4 models.
2026-08-01 15:57:26,114 - aegis - INFO - Benchmark summary generated.
2026-08-01 15:57:26,114 - aegis - INFO - Best Model: One-Class SVM with F1=0.8387
2026-08-01 15:57:26,114 - aegis - INFO - Experiment logging complete.
2026-08-01 15:57:26,114 - aegis - INFO - Benchmark complete.
